Today's date is: 2026-09-03
Hostname: DESKTOP-9HVMOBH
Username: Kartik Pettuagni

===== DISK USAGE =====
Filesystem            Size  Used Avail Use% Mounted on
C:/Program Files/Git  705G  297G  409G  43% /

===== USER INFORMATION =====
My name is: Kartik Pettugani
My roll number is: 24bs10418
My comment is: ShellScripting Assignment
Today's date is: 2026-09-03
Hostname: DESKTOP-9HVMOBH
Username: Kartik Pettuagni

===== DISK USAGE =====
Filesystem            Size  Used Avail Use% Mounted on
C:/Program Files/Git  705G  297G  409G  43% /

===== USER INFORMATION =====
My name is: Kartik Pettugani
My roll number is: 24BCS10418
My comment is: Sheel Scripting
